Traceback (most recent call last):
  File "/Users/vladzakrevski/osi/laba-2/test_fixed_matrices.py", line 6, in <module>
    import matplotlib.pyplot as plt
ModuleNotFoundError: No module named 'matplotlib'
